Archive member included to satisfy reference by file (symbol)

c:/intelfpga_lite/17.1/nios2eds/bin/gnu/h-x86_64-mingw32/bin/../lib/gcc/nios2-elf/5.3.0/mno-hw-mul\libgcc.a(_lshrdi3.o)
                              obj/default/src/pkt_legacy.o (__lshrdi3)
c:/intelfpga_lite/17.1/nios2eds/bin/gnu/h-x86_64-mingw32/bin/../lib/gcc/nios2-elf/5.3.0/mno-hw-mul\libgcc.a(lib2-divmod.o)
                              obj/default/src/bladeRF_nios.o (__divsi3)
c:/intelfpga_lite/17.1/nios2eds/bin/gnu/h-x86_64-mingw32/bin/../lib/gcc/nios2-elf/5.3.0/mno-hw-mul\libgcc.a(lib2-mul.o)
                              obj/default/src/bladeRF_nios.o (__mulsi3)
c:/intelfpga_lite/17.1/nios2eds/bin/gnu/h-x86_64-mingw32/bin/../lib/gcc/nios2-elf/5.3.0/../../../../../H-x86_64-mingw32/nios2-elf/lib/mno-hw-mul\libsmallc.a(lib_a-memcpy.o)
                              obj/default/src/pkt_retune.o (memcpy)
c:/intelfpga_lite/17.1/nios2eds/bin/gnu/h-x86_64-mingw32/bin/../lib/gcc/nios2-elf/5.3.0/../../../../../H-x86_64-mingw32/nios2-elf/lib/mno-hw-mul\libsmallc.a(lib_a-memset.o)
                              obj/default/src/bladeRF_nios.o (memset)
../bladeRF_nios_bsp/\libhal_bsp.a(alt_iic.o)
                              obj/default/src/devices.o (alt_ic_isr_register)
../bladeRF_nios_bsp/\libhal_bsp.a(alt_iic_isr_register.o)
                              ../bladeRF_nios_bsp/\libhal_bsp.a(alt_iic.o) (alt_iic_isr_register)
../bladeRF_nios_bsp/\libhal_bsp.a(alt_irq_entry.o)
                              ../bladeRF_nios_bsp/\libhal_bsp.a(alt_iic_isr_register.o) (alt_irq_entry)
../bladeRF_nios_bsp/\libhal_bsp.a(alt_irq_handler.o)
                              ../bladeRF_nios_bsp/\libhal_bsp.a(alt_iic_isr_register.o) (alt_irq_handler)
../bladeRF_nios_bsp/\libhal_bsp.a(alt_irq_vars.o)
                              ../bladeRF_nios_bsp/\libhal_bsp.a(alt_iic.o) (alt_irq_active)
../bladeRF_nios_bsp/\libhal_bsp.a(alt_load.o)
                              ../bladeRF_nios_bsp//obj/HAL/src/crt0.o (alt_load)
../bladeRF_nios_bsp/\libhal_bsp.a(alt_main.o)
                              ../bladeRF_nios_bsp//obj/HAL/src/crt0.o (alt_main)
../bladeRF_nios_bsp/\libhal_bsp.a(alt_usleep.o)
                              obj/default/lms.o (usleep)
../bladeRF_nios_bsp/\libhal_bsp.a(alt_sys_init.o)
                              ../bladeRF_nios_bsp/\libhal_bsp.a(alt_main.o) (alt_irq_init)
../bladeRF_nios_bsp/\libhal_bsp.a(altera_avalon_spi.o)
                              obj/default/src/devices.o (alt_avalon_spi_command)
../bladeRF_nios_bsp/\libhal_bsp.a(alt_busy_sleep.o)
                              ../bladeRF_nios_bsp/\libhal_bsp.a(alt_usleep.o) (alt_busy_sleep)
../bladeRF_nios_bsp/\libhal_bsp.a(alt_dcache_flush_all.o)
                              ../bladeRF_nios_bsp/\libhal_bsp.a(alt_load.o) (alt_dcache_flush_all)
../bladeRF_nios_bsp/\libhal_bsp.a(alt_exception_entry.o)
                              ../bladeRF_nios_bsp/\libhal_bsp.a(alt_irq_entry.o) (alt_exception)
../bladeRF_nios_bsp/\libhal_bsp.a(alt_icache_flush_all.o)
                              ../bladeRF_nios_bsp/\libhal_bsp.a(alt_load.o) (alt_icache_flush_all)
../bladeRF_nios_bsp/\libhal_bsp.a(altera_nios2_gen2_irq.o)
                              ../bladeRF_nios_bsp/\libhal_bsp.a(alt_sys_init.o) (altera_nios2_gen2_irq_init)

Allocating common symbols
Common symbol       size              file

alt_irq             0x100             ../bladeRF_nios_bsp/\libhal_bsp.a(alt_irq_handler.o)

Memory Configuration

Name             Origin             Length             Attributes
reset            0x0000000000004000 0x0000000000000020
ram              0x0000000000004020 0x0000000000003fe0
*default*        0x0000000000000000 0xffffffffffffffff

Linker script and memory map

LOAD ../bladeRF_nios_bsp//obj/HAL/src/crt0.o
LOAD obj/default/src/bladeRF_nios.o
LOAD obj/default/src/devices.o
LOAD obj/default/src/devices_sim.o
LOAD obj/default/src/pkt_32x32.o
LOAD obj/default/src/pkt_8x16.o
LOAD obj/default/src/pkt_8x32.o
LOAD obj/default/src/pkt_8x64.o
LOAD obj/default/src/pkt_8x8.o
LOAD obj/default/src/pkt_legacy.o
LOAD obj/default/src/pkt_retune.o
LOAD obj/default/band_select.o
LOAD obj/default/lms.o
LOAD c:/intelfpga_lite/17.1/nios2eds/bin/gnu/h-x86_64-mingw32/bin/../lib/gcc/nios2-elf/5.3.0/../../../../../H-x86_64-mingw32/nios2-elf/lib/mno-hw-mul\libstdc++.a
LOAD c:/intelfpga_lite/17.1/nios2eds/bin/gnu/h-x86_64-mingw32/bin/../lib/gcc/nios2-elf/5.3.0/../../../../../H-x86_64-mingw32/nios2-elf/lib/mno-hw-mul\libm.a
LOAD c:/intelfpga_lite/17.1/nios2eds/bin/gnu/h-x86_64-mingw32/bin/../lib/gcc/nios2-elf/5.3.0/mno-hw-mul\libgcc.a
START GROUP
LOAD c:/intelfpga_lite/17.1/nios2eds/bin/gnu/h-x86_64-mingw32/bin/../lib/gcc/nios2-elf/5.3.0/../../../../../H-x86_64-mingw32/nios2-elf/lib/mno-hw-mul\libsmallc.a
LOAD c:/intelfpga_lite/17.1/nios2eds/bin/gnu/h-x86_64-mingw32/bin/../lib/gcc/nios2-elf/5.3.0/mno-hw-mul\libgcc.a
LOAD ../bladeRF_nios_bsp/\libhal_bsp.a
END GROUP
LOAD c:/intelfpga_lite/17.1/nios2eds/bin/gnu/h-x86_64-mingw32/bin/../lib/gcc/nios2-elf/5.3.0/mno-hw-mul\libgcc.a
                0x0000000000004000                __alt_mem_ram = 0x4000

.entry          0x0000000000004000       0x20
 *(.entry)
 .entry         0x0000000000004000       0x20 ../bladeRF_nios_bsp//obj/HAL/src/crt0.o
                0x0000000000004000                __reset
                0x000000000000400c                _exit

.exceptions     0x0000000000004020      0x12c
                0x0000000000004020                PROVIDE (__ram_exceptions_start, ABSOLUTE (.))
                0x0000000000004020                . = ALIGN (0x20)
 *(.irq)
 *(.exceptions.entry.label)
 .exceptions.entry.label
                0x0000000000004020        0x0 ../bladeRF_nios_bsp/\libhal_bsp.a(alt_irq_entry.o)
                0x0000000000004020                alt_irq_entry
 .exceptions.entry.label
                0x0000000000004020        0x0 ../bladeRF_nios_bsp/\libhal_bsp.a(alt_exception_entry.o)
                0x0000000000004020                alt_exception
 *(.exceptions.entry.user)
 *(.exceptions.entry.ecc_fatal)
 *(.exceptions.entry)
 .exceptions.entry
                0x0000000000004020       0x54 ../bladeRF_nios_bsp/\libhal_bsp.a(alt_exception_entry.o)
 *(.exceptions.irqtest.user)
 *(.exceptions.irqtest)
 .exceptions.irqtest
                0x0000000000004074       0x10 ../bladeRF_nios_bsp/\libhal_bsp.a(alt_irq_entry.o)
 *(.exceptions.irqhandler.user)
 *(.exceptions.irqhandler)
 .exceptions.irqhandler
                0x0000000000004084        0x4 ../bladeRF_nios_bsp/\libhal_bsp.a(alt_irq_entry.o)
 *(.exceptions.irqreturn.user)
 *(.exceptions.irqreturn)
 .exceptions.irqreturn
                0x0000000000004088        0x4 ../bladeRF_nios_bsp/\libhal_bsp.a(alt_irq_entry.o)
 *(.exceptions.notirq.label)
 .exceptions.notirq.label
                0x000000000000408c        0x0 ../bladeRF_nios_bsp/\libhal_bsp.a(alt_irq_entry.o)
 *(.exceptions.notirq.user)
 *(.exceptions.notirq)
 .exceptions.notirq
                0x000000000000408c        0x8 ../bladeRF_nios_bsp/\libhal_bsp.a(alt_exception_entry.o)
 *(.exceptions.soft.user)
 *(.exceptions.soft)
 *(.exceptions.unknown.user)
 *(.exceptions.unknown)
 .exceptions.unknown
                0x0000000000004094        0x4 ../bladeRF_nios_bsp/\libhal_bsp.a(alt_exception_entry.o)
 *(.exceptions.exit.label)
 .exceptions.exit.label
                0x0000000000004098        0x0 ../bladeRF_nios_bsp/\libhal_bsp.a(alt_irq_entry.o)
 .exceptions.exit.label
                0x0000000000004098        0x0 ../bladeRF_nios_bsp/\libhal_bsp.a(alt_exception_entry.o)
 *(.exceptions.exit.user)
 *(.exceptions.exit)
 .exceptions.exit
                0x0000000000004098       0x54 ../bladeRF_nios_bsp/\libhal_bsp.a(alt_exception_entry.o)
 *(.exceptions)
 .exceptions    0x00000000000040ec       0x60 ../bladeRF_nios_bsp/\libhal_bsp.a(alt_irq_handler.o)
                0x00000000000040ec                alt_irq_handler
                0x000000000000414c                PROVIDE (__ram_exceptions_end, ABSOLUTE (.))
                0x0000000000004020                PROVIDE (__flash_exceptions_start, LOADADDR (.exceptions))

.text           0x000000000000414c     0x2f40
                [!provide]                        PROVIDE (stext, ABSOLUTE (.))
 *(.interp)
 *(.hash)
 *(.dynsym)
 *(.dynstr)
 *(.gnu.version)
 *(.gnu.version_d)
 *(.gnu.version_r)
 *(.rel.init)
 *(.rela.init)
 *(.rel.text .rel.text.* .rel.gnu.linkonce.t.*)
 *(.rela.text .rela.text.* .rela.gnu.linkonce.t.*)
 *(.rel.fini)
 *(.rela.fini)
 *(.rel.rodata .rel.rodata.* .rel.gnu.linkonce.r.*)
 *(.rela.rodata .rela.rodata.* .rela.gnu.linkonce.r.*)
 *(.rel.data .rel.data.* .rel.gnu.linkonce.d.*)
 *(.rela.data .rela.data.* .rela.gnu.linkonce.d.*)
 *(.rel.tdata .rel.tdata.* .rel.gnu.linkonce.td.*)
 *(.rela.tdata .rela.tdata.* .rela.gnu.linkonce.td.*)
 *(.rel.tbss .rel.tbss.* .rel.gnu.linkonce.tb.*)
 *(.rela.tbss .rela.tbss.* .rela.gnu.linkonce.tb.*)
 *(.rel.ctors)
 *(.rela.ctors)
 *(.rel.dtors)
 *(.rela.dtors)
 *(.rel.got)
 *(.rela.got)
 *(.rel.sdata .rel.sdata.* .rel.gnu.linkonce.s.*)
 *(.rela.sdata .rela.sdata.* .rela.gnu.linkonce.s.*)
 *(.rel.sbss .rel.sbss.* .rel.gnu.linkonce.sb.*)
 *(.rela.sbss .rela.sbss.* .rela.gnu.linkonce.sb.*)
 *(.rel.sdata2 .rel.sdata2.* .rel.gnu.linkonce.s2.*)
 *(.rela.sdata2 .rela.sdata2.* .rela.gnu.linkonce.s2.*)
 *(.rel.sbss2 .rel.sbss2.* .rel.gnu.linkonce.sb2.*)
 *(.rela.sbss2 .rela.sbss2.* .rela.gnu.linkonce.sb2.*)
 *(.rel.bss .rel.bss.* .rel.gnu.linkonce.b.*)
 *(.rela.bss .rela.bss.* .rela.gnu.linkonce.b.*)
 *(.rel.plt)
 *(.rela.plt)
 *(.rel.dyn)
 *(.init)
 *(.plt)
 *(.text .stub .text.* .gnu.linkonce.t.*)
 .text          0x000000000000414c       0x3c ../bladeRF_nios_bsp//obj/HAL/src/crt0.o
                0x000000000000414c                _start
 .text          0x0000000000004188        0x0 obj/default/src/bladeRF_nios.o
 .text.startup  0x0000000000004188      0x2c4 obj/default/src/bladeRF_nios.o
                0x0000000000004188                main
 .text          0x000000000000444c      0x89c obj/default/src/devices.o
                0x00000000000044bc                vctcxo_tamer_enable_isr
                0x00000000000044e8                vctcxo_tamer_clear_isr
                0x00000000000044fc                vctcxo_tamer_reset_counters
                0x00000000000045b0                vctcxo_tamer_set_tune_mode
                0x00000000000045c0                vctcxo_tamer_get_tune_mode
                0x00000000000045e0                vctcxo_tamer_read_count
                0x00000000000046e0                vctcxo_tamer_read
                0x00000000000046f4                vctcxo_tamer_write
                0x0000000000004708                tamer_schedule
                0x0000000000004758                bladerf_nios_init
                0x0000000000004824                spi_arbiter_lock
                0x0000000000004844                spi_arbiter_unlock
                0x0000000000004854                lms6_read
                0x0000000000004894                lms6_write
                0x00000000000048e0                si5338_read
                0x0000000000004980                si5338_write
                0x0000000000004a0c                vctcxo_trim_dac_write
                0x0000000000004a54                vctcxo_trim_dac_read
                0x0000000000004ae0                adf4351_write
                0x0000000000004b34                iqbal_get_gain
                0x0000000000004b4c                iqbal_set_gain
                0x0000000000004b74                iqbal_get_phase
                0x0000000000004b90                iqbal_set_phase
                0x0000000000004bb8                tx_trigger_ctl_write
                0x0000000000004bc8                tx_trigger_ctl_read
                0x0000000000004bd4                rx_trigger_ctl_write
                0x0000000000004be4                rx_trigger_ctl_read
                0x0000000000004bf0                agc_dc_corr_write
                0x0000000000004c6c                time_tamer_read
 .text          0x0000000000004ce8        0x0 obj/default/src/devices_sim.o
 .text          0x0000000000004ce8      0x184 obj/default/src/pkt_32x32.o
                0x0000000000004ce8                pkt_32x32
 .text          0x0000000000004e6c      0x1e8 obj/default/src/pkt_8x16.o
                0x0000000000004e6c                pkt_8x16
 .text          0x0000000000005054      0x1c8 obj/default/src/pkt_8x32.o
                0x0000000000005054                pkt_8x32
 .text          0x000000000000521c      0x158 obj/default/src/pkt_8x64.o
                0x000000000000521c                pkt_8x64
 .text          0x0000000000005374      0x1cc obj/default/src/pkt_8x8.o
                0x0000000000005374                pkt_8x8
 .text          0x0000000000005540      0x4e8 obj/default/src/pkt_legacy.o
                0x000000000000558c                pkt_legacy
 .text          0x0000000000005a28      0x684 obj/default/src/pkt_retune.o
                0x0000000000005c78                pkt_retune_init
                0x0000000000005cdc                pkt_retune_work
                0x0000000000005d0c                pkt_retune
 .text          0x00000000000060ac       0x78 obj/default/band_select.o
                0x00000000000060ac                band_select
 .text          0x0000000000006124      0x96c obj/default/lms.o
                0x00000000000063d0                lms_select_lna
                0x0000000000006420                lms_select_pa
                0x00000000000064a4                lms_get_loopback_mode
                0x0000000000006584                lms_select_band
                0x000000000000661c                lms_set_precalculated_frequency
 .text          0x0000000000006a90       0x40 c:/intelfpga_lite/17.1/nios2eds/bin/gnu/h-x86_64-mingw32/bin/../lib/gcc/nios2-elf/5.3.0/mno-hw-mul\libgcc.a(_lshrdi3.o)
                0x0000000000006a90                __lshrdi3
 .text          0x0000000000006ad0      0x1b4 c:/intelfpga_lite/17.1/nios2eds/bin/gnu/h-x86_64-mingw32/bin/../lib/gcc/nios2-elf/5.3.0/mno-hw-mul\libgcc.a(lib2-divmod.o)
                0x0000000000006ad0                __divsi3
                0x0000000000006b54                __modsi3
                0x0000000000006bc8                __udivsi3
                0x0000000000006c2c                __umodsi3
 .text          0x0000000000006c84       0x28 c:/intelfpga_lite/17.1/nios2eds/bin/gnu/h-x86_64-mingw32/bin/../lib/gcc/nios2-elf/5.3.0/mno-hw-mul\libgcc.a(lib2-mul.o)
                0x0000000000006c84                __mulsi3
 .text          0x0000000000006cac        0x0 c:/intelfpga_lite/17.1/nios2eds/bin/gnu/h-x86_64-mingw32/bin/../lib/gcc/nios2-elf/5.3.0/../../../../../H-x86_64-mingw32/nios2-elf/lib/mno-hw-mul\libsmallc.a(lib_a-memcpy.o)
 .text.memcpy   0x0000000000006cac       0x28 c:/intelfpga_lite/17.1/nios2eds/bin/gnu/h-x86_64-mingw32/bin/../lib/gcc/nios2-elf/5.3.0/../../../../../H-x86_64-mingw32/nios2-elf/lib/mno-hw-mul\libsmallc.a(lib_a-memcpy.o)
                0x0000000000006cac                memcpy
 .text          0x0000000000006cd4        0x0 c:/intelfpga_lite/17.1/nios2eds/bin/gnu/h-x86_64-mingw32/bin/../lib/gcc/nios2-elf/5.3.0/../../../../../H-x86_64-mingw32/nios2-elf/lib/mno-hw-mul\libsmallc.a(lib_a-memset.o)
 .text.memset   0x0000000000006cd4       0x20 c:/intelfpga_lite/17.1/nios2eds/bin/gnu/h-x86_64-mingw32/bin/../lib/gcc/nios2-elf/5.3.0/../../../../../H-x86_64-mingw32/nios2-elf/lib/mno-hw-mul\libsmallc.a(lib_a-memset.o)
                0x0000000000006cd4                memset
 .text          0x0000000000006cf4       0x8c ../bladeRF_nios_bsp/\libhal_bsp.a(alt_iic.o)
                0x0000000000006cf4                alt_ic_isr_register
                0x0000000000006cf8                alt_ic_irq_enable
                0x0000000000006d30                alt_ic_irq_disable
                0x0000000000006d68                alt_ic_irq_enabled
 .text          0x0000000000006d80       0x68 ../bladeRF_nios_bsp/\libhal_bsp.a(alt_iic_isr_register.o)
                0x0000000000006d80                alt_iic_isr_register
 .text          0x0000000000006de8        0x0 ../bladeRF_nios_bsp/\libhal_bsp.a(alt_irq_entry.o)
 .text          0x0000000000006de8        0x0 ../bladeRF_nios_bsp/\libhal_bsp.a(alt_irq_handler.o)
 .text          0x0000000000006de8        0x0 ../bladeRF_nios_bsp/\libhal_bsp.a(alt_irq_vars.o)
 .text          0x0000000000006de8       0xe0 ../bladeRF_nios_bsp/\libhal_bsp.a(alt_load.o)
                0x0000000000006de8                alt_load
 .text          0x0000000000006ec8       0x2c ../bladeRF_nios_bsp/\libhal_bsp.a(alt_main.o)
                0x0000000000006ec8                alt_main
 .text          0x0000000000006ef4        0x4 ../bladeRF_nios_bsp/\libhal_bsp.a(alt_usleep.o)
                0x0000000000006ef4                usleep
 .text          0x0000000000006ef8       0x24 ../bladeRF_nios_bsp/\libhal_bsp.a(alt_sys_init.o)
                0x0000000000006ef8                alt_irq_init
                0x0000000000006f18                alt_sys_init
 .text          0x0000000000006f1c       0xe8 ../bladeRF_nios_bsp/\libhal_bsp.a(altera_avalon_spi.o)
                0x0000000000006f1c                alt_avalon_spi_command
 .text          0x0000000000007004       0x78 ../bladeRF_nios_bsp/\libhal_bsp.a(alt_busy_sleep.o)
                0x0000000000007004                alt_busy_sleep
 .text          0x000000000000707c        0x4 ../bladeRF_nios_bsp/\libhal_bsp.a(alt_dcache_flush_all.o)
                0x000000000000707c                alt_dcache_flush_all
 .text          0x0000000000007080        0x0 ../bladeRF_nios_bsp/\libhal_bsp.a(alt_exception_entry.o)
 .text          0x0000000000007080        0x4 ../bladeRF_nios_bsp/\libhal_bsp.a(alt_icache_flush_all.o)
                0x0000000000007080                alt_icache_flush_all
 .text          0x0000000000007084        0x8 ../bladeRF_nios_bsp/\libhal_bsp.a(altera_nios2_gen2_irq.o)
                0x0000000000007084                altera_nios2_gen2_irq_init
 *(.gnu.warning.*)
 *(.fini)
                [!provide]                        PROVIDE (__etext, ABSOLUTE (.))
                [!provide]                        PROVIDE (_etext, ABSOLUTE (.))
                [!provide]                        PROVIDE (etext, ABSOLUTE (.))
 *(.eh_frame_hdr)
                0x000000000000708c                . = ALIGN (0x4)
                [!provide]                        PROVIDE (__preinit_array_start, ABSOLUTE (.))
 *(.preinit_array)
                [!provide]                        PROVIDE (__preinit_array_end, ABSOLUTE (.))
                [!provide]                        PROVIDE (__init_array_start, ABSOLUTE (.))
 *(.init_array)
                [!provide]                        PROVIDE (__init_array_end, ABSOLUTE (.))
                [!provide]                        PROVIDE (__fini_array_start, ABSOLUTE (.))
 *(.fini_array)
                [!provide]                        PROVIDE (__fini_array_end, ABSOLUTE (.))
 *(.eh_frame)
 *(.gcc_except_table .gcc_except_table.*)
 *(.dynamic)
                [!provide]                        PROVIDE (__CTOR_LIST__, ABSOLUTE (.))
 *(.ctors)
 *(SORT(.ctors.*))
                [!provide]                        PROVIDE (__CTOR_END__, ABSOLUTE (.))
                [!provide]                        PROVIDE (__DTOR_LIST__, ABSOLUTE (.))
 *(.dtors)
 *(SORT(.dtors.*))
                [!provide]                        PROVIDE (__DTOR_END__, ABSOLUTE (.))
 *(.jcr)
                0x000000000000708c                . = ALIGN (0x4)

.rodata         0x000000000000708c       0x8c
                0x000000000000708c                PROVIDE (__ram_rodata_start, ABSOLUTE (.))
                0x000000000000708c                . = ALIGN (0x4)
 *(.rodata .rodata.* .gnu.linkonce.r.*)
 .rodata        0x000000000000708c       0x70 obj/default/src/bladeRF_nios.o
 .rodata        0x00000000000070fc       0x1a obj/default/src/pkt_legacy.o
 *(.rodata1)
                0x0000000000007118                . = ALIGN (0x4)
 *fill*         0x0000000000007116        0x2 
                0x0000000000007118                PROVIDE (__ram_rodata_end, ABSOLUTE (.))
                0x000000000000708c                PROVIDE (__flash_rodata_start, LOADADDR (.rodata))

.rwdata         0x0000000000007118       0x1c load address 0x0000000000007134
                0x0000000000007118                PROVIDE (__ram_rwdata_start, ABSOLUTE (.))
                0x0000000000007118                . = ALIGN (0x4)
 *(.got.plt)
 *(.got)
 *(.data1)
 *(.data .data.* .gnu.linkonce.d.*)
 .data          0x0000000000007118        0x0 ../bladeRF_nios_bsp//obj/HAL/src/crt0.o
 .data          0x0000000000007118        0x0 obj/default/src/bladeRF_nios.o
 .data          0x0000000000007118        0x0 obj/default/src/devices.o
 .data          0x0000000000007118        0x0 obj/default/src/devices_sim.o
 .data          0x0000000000007118        0x0 obj/default/src/pkt_32x32.o
 .data          0x0000000000007118        0x0 obj/default/src/pkt_8x16.o
 .data          0x0000000000007118        0x0 obj/default/src/pkt_8x32.o
 .data          0x0000000000007118        0x0 obj/default/src/pkt_8x64.o
 .data          0x0000000000007118        0x0 obj/default/src/pkt_8x8.o
 .data          0x0000000000007118        0x0 obj/default/src/pkt_legacy.o
 .data          0x0000000000007118        0x0 obj/default/src/pkt_retune.o
 .data          0x0000000000007118        0x0 obj/default/band_select.o
 .data          0x0000000000007118        0x0 obj/default/lms.o
 .data          0x0000000000007118        0x0 c:/intelfpga_lite/17.1/nios2eds/bin/gnu/h-x86_64-mingw32/bin/../lib/gcc/nios2-elf/5.3.0/mno-hw-mul\libgcc.a(_lshrdi3.o)
 .data          0x0000000000007118        0x0 c:/intelfpga_lite/17.1/nios2eds/bin/gnu/h-x86_64-mingw32/bin/../lib/gcc/nios2-elf/5.3.0/mno-hw-mul\libgcc.a(lib2-divmod.o)
 .data          0x0000000000007118        0x0 c:/intelfpga_lite/17.1/nios2eds/bin/gnu/h-x86_64-mingw32/bin/../lib/gcc/nios2-elf/5.3.0/mno-hw-mul\libgcc.a(lib2-mul.o)
 .data          0x0000000000007118        0x0 c:/intelfpga_lite/17.1/nios2eds/bin/gnu/h-x86_64-mingw32/bin/../lib/gcc/nios2-elf/5.3.0/../../../../../H-x86_64-mingw32/nios2-elf/lib/mno-hw-mul\libsmallc.a(lib_a-memcpy.o)
 .data          0x0000000000007118        0x0 c:/intelfpga_lite/17.1/nios2eds/bin/gnu/h-x86_64-mingw32/bin/../lib/gcc/nios2-elf/5.3.0/../../../../../H-x86_64-mingw32/nios2-elf/lib/mno-hw-mul\libsmallc.a(lib_a-memset.o)
 .data          0x0000000000007118        0x0 ../bladeRF_nios_bsp/\libhal_bsp.a(alt_iic.o)
 .data          0x0000000000007118        0x0 ../bladeRF_nios_bsp/\libhal_bsp.a(alt_iic_isr_register.o)
 .data          0x0000000000007118        0x0 ../bladeRF_nios_bsp/\libhal_bsp.a(alt_irq_entry.o)
 .data          0x0000000000007118        0x0 ../bladeRF_nios_bsp/\libhal_bsp.a(alt_irq_handler.o)
 .data          0x0000000000007118        0x0 ../bladeRF_nios_bsp/\libhal_bsp.a(alt_irq_vars.o)
 .data          0x0000000000007118        0x0 ../bladeRF_nios_bsp/\libhal_bsp.a(alt_load.o)
 .data          0x0000000000007118        0x0 ../bladeRF_nios_bsp/\libhal_bsp.a(alt_main.o)
 .data          0x0000000000007118        0x0 ../bladeRF_nios_bsp/\libhal_bsp.a(alt_usleep.o)
 .data          0x0000000000007118        0x0 ../bladeRF_nios_bsp/\libhal_bsp.a(alt_sys_init.o)
 .data          0x0000000000007118        0x0 ../bladeRF_nios_bsp/\libhal_bsp.a(altera_avalon_spi.o)
 .data          0x0000000000007118        0x0 ../bladeRF_nios_bsp/\libhal_bsp.a(alt_busy_sleep.o)
 .data          0x0000000000007118        0x0 ../bladeRF_nios_bsp/\libhal_bsp.a(alt_dcache_flush_all.o)
 .data          0x0000000000007118        0x0 ../bladeRF_nios_bsp/\libhal_bsp.a(alt_exception_entry.o)
 .data          0x0000000000007118        0x0 ../bladeRF_nios_bsp/\libhal_bsp.a(alt_icache_flush_all.o)
 .data          0x0000000000007118        0x0 ../bladeRF_nios_bsp/\libhal_bsp.a(altera_nios2_gen2_irq.o)
                0x000000000000f118                _gp = ABSOLUTE ((. + 0x8000))
                [!provide]                        PROVIDE (gp, _gp)
 *(.rwdata .rwdata.*)
 *(.sdata .sdata.* .gnu.linkonce.s.*)
 .sdata         0x0000000000007118        0x2 obj/default/src/devices.o
                0x0000000000007118                vctcxo_trim_dac_value
 *fill*         0x000000000000711a        0x2 
 .sdata         0x000000000000711c       0x10 obj/default/src/pkt_legacy.o
 .sdata         0x000000000000712c        0x4 ../bladeRF_nios_bsp/\libhal_bsp.a(alt_irq_vars.o)
                0x000000000000712c                alt_priority_mask
 .sdata         0x0000000000007130        0x4 ../bladeRF_nios_bsp/\libhal_bsp.a(alt_sys_init.o)
                0x0000000000007130                jtag_uart
 *(.sdata2 .sdata2.* .gnu.linkonce.s2.*)
                0x0000000000007134                . = ALIGN (0x4)
                0x0000000000007134                _edata = ABSOLUTE (.)
                [!provide]                        PROVIDE (edata, ABSOLUTE (.))
                0x0000000000007134                PROVIDE (__ram_rwdata_end, ABSOLUTE (.))
                0x0000000000007134                PROVIDE (__flash_rwdata_start, LOADADDR (.rwdata))

.bss            0x0000000000007150      0x434
                0x0000000000007150                __bss_start = ABSOLUTE (.)
                [!provide]                        PROVIDE (__sbss_start, ABSOLUTE (.))
                [!provide]                        PROVIDE (___sbss_start, ABSOLUTE (.))
 *(.dynsbss)
 *(.sbss .sbss.* .gnu.linkonce.sb.*)
 .sbss          0x0000000000007150        0x1 obj/default/src/devices.o
                0x0000000000007150                vctcxo_tamer_ctrl_reg
 *fill*         0x0000000000007151        0x3 
 .sbss          0x0000000000007154       0x15 obj/default/src/pkt_legacy.o
 *fill*         0x0000000000007169        0x3 
 .sbss          0x000000000000716c        0x4 ../bladeRF_nios_bsp/\libhal_bsp.a(alt_irq_vars.o)
                0x000000000000716c                alt_irq_active
 .sbss          0x0000000000007170        0xc ../bladeRF_nios_bsp/\libhal_bsp.a(alt_main.o)
                0x0000000000007170                alt_envp
                0x0000000000007174                alt_argv
                0x0000000000007178                alt_argc
 *(.sbss2 .sbss2.* .gnu.linkonce.sb2.*)
 *(.scommon)
                [!provide]                        PROVIDE (__sbss_end, ABSOLUTE (.))
                [!provide]                        PROVIDE (___sbss_end, ABSOLUTE (.))
 *(.dynbss)
 *(.bss .bss.* .gnu.linkonce.b.*)
 .bss           0x000000000000717c        0x0 ../bladeRF_nios_bsp//obj/HAL/src/crt0.o
 .bss           0x000000000000717c        0x0 obj/default/src/bladeRF_nios.o
 .bss           0x000000000000717c        0x0 obj/default/src/devices.o
 .bss           0x000000000000717c        0x0 obj/default/src/devices_sim.o
 .bss           0x000000000000717c        0x0 obj/default/src/pkt_32x32.o
 .bss           0x000000000000717c        0x0 obj/default/src/pkt_8x16.o
 .bss           0x000000000000717c        0x0 obj/default/src/pkt_8x32.o
 .bss           0x000000000000717c        0x0 obj/default/src/pkt_8x64.o
 .bss           0x000000000000717c        0x0 obj/default/src/pkt_8x8.o
 .bss           0x000000000000717c        0x0 obj/default/src/pkt_legacy.o
 .bss           0x000000000000717c      0x308 obj/default/src/pkt_retune.o
 .bss           0x0000000000007484        0x0 obj/default/band_select.o
 .bss           0x0000000000007484        0x0 obj/default/lms.o
 .bss           0x0000000000007484        0x0 c:/intelfpga_lite/17.1/nios2eds/bin/gnu/h-x86_64-mingw32/bin/../lib/gcc/nios2-elf/5.3.0/mno-hw-mul\libgcc.a(_lshrdi3.o)
 .bss           0x0000000000007484        0x0 c:/intelfpga_lite/17.1/nios2eds/bin/gnu/h-x86_64-mingw32/bin/../lib/gcc/nios2-elf/5.3.0/mno-hw-mul\libgcc.a(lib2-divmod.o)
 .bss           0x0000000000007484        0x0 c:/intelfpga_lite/17.1/nios2eds/bin/gnu/h-x86_64-mingw32/bin/../lib/gcc/nios2-elf/5.3.0/mno-hw-mul\libgcc.a(lib2-mul.o)
 .bss           0x0000000000007484        0x0 c:/intelfpga_lite/17.1/nios2eds/bin/gnu/h-x86_64-mingw32/bin/../lib/gcc/nios2-elf/5.3.0/../../../../../H-x86_64-mingw32/nios2-elf/lib/mno-hw-mul\libsmallc.a(lib_a-memcpy.o)
 .bss           0x0000000000007484        0x0 c:/intelfpga_lite/17.1/nios2eds/bin/gnu/h-x86_64-mingw32/bin/../lib/gcc/nios2-elf/5.3.0/../../../../../H-x86_64-mingw32/nios2-elf/lib/mno-hw-mul\libsmallc.a(lib_a-memset.o)
 .bss           0x0000000000007484        0x0 ../bladeRF_nios_bsp/\libhal_bsp.a(alt_iic.o)
 .bss           0x0000000000007484        0x0 ../bladeRF_nios_bsp/\libhal_bsp.a(alt_iic_isr_register.o)
 .bss           0x0000000000007484        0x0 ../bladeRF_nios_bsp/\libhal_bsp.a(alt_irq_entry.o)
 .bss           0x0000000000007484        0x0 ../bladeRF_nios_bsp/\libhal_bsp.a(alt_irq_handler.o)
 .bss           0x0000000000007484        0x0 ../bladeRF_nios_bsp/\libhal_bsp.a(alt_irq_vars.o)
 .bss           0x0000000000007484        0x0 ../bladeRF_nios_bsp/\libhal_bsp.a(alt_load.o)
 .bss           0x0000000000007484        0x0 ../bladeRF_nios_bsp/\libhal_bsp.a(alt_main.o)
 .bss           0x0000000000007484        0x0 ../bladeRF_nios_bsp/\libhal_bsp.a(alt_usleep.o)
 .bss           0x0000000000007484        0x0 ../bladeRF_nios_bsp/\libhal_bsp.a(alt_sys_init.o)
 .bss           0x0000000000007484        0x0 ../bladeRF_nios_bsp/\libhal_bsp.a(altera_avalon_spi.o)
 .bss           0x0000000000007484        0x0 ../bladeRF_nios_bsp/\libhal_bsp.a(alt_busy_sleep.o)
 .bss           0x0000000000007484        0x0 ../bladeRF_nios_bsp/\libhal_bsp.a(alt_dcache_flush_all.o)
 .bss           0x0000000000007484        0x0 ../bladeRF_nios_bsp/\libhal_bsp.a(alt_exception_entry.o)
 .bss           0x0000000000007484        0x0 ../bladeRF_nios_bsp/\libhal_bsp.a(alt_icache_flush_all.o)
 .bss           0x0000000000007484        0x0 ../bladeRF_nios_bsp/\libhal_bsp.a(altera_nios2_gen2_irq.o)
 *(COMMON)
 COMMON         0x0000000000007484      0x100 ../bladeRF_nios_bsp/\libhal_bsp.a(alt_irq_handler.o)
                0x0000000000007484                alt_irq
                0x0000000000007584                . = ALIGN (0x4)
                0x0000000000007584                __bss_end = ABSOLUTE (.)

.ram            0x0000000000007584        0x0
                [!provide]                        PROVIDE (_alt_partition_ram_start, ABSOLUTE (.))
 *(.ram .ram. ram.*)
                0x0000000000007584                . = ALIGN (0x4)
                [!provide]                        PROVIDE (_alt_partition_ram_end, ABSOLUTE (.))
                0x0000000000007584                _end = ABSOLUTE (.)
                0x0000000000007584                end = ABSOLUTE (.)
                0x0000000000007584                __alt_stack_base = ABSOLUTE (.)
                [!provide]                        PROVIDE (_alt_partition_ram_load_addr, LOADADDR (.ram))

.stab
 *(.stab)

.stabstr
 *(.stabstr)

.stab.excl
 *(.stab.excl)

.stab.exclstr
 *(.stab.exclstr)

.stab.index
 *(.stab.index)

.stab.indexstr
 *(.stab.indexstr)

.comment        0x0000000000000000       0x23
 *(.comment)
 .comment       0x0000000000000000       0x23 obj/default/src/bladeRF_nios.o
                                         0x24 (size before relaxing)
 .comment       0x0000000000000023       0x24 obj/default/src/devices.o
 .comment       0x0000000000000023       0x24 obj/default/src/devices_sim.o
 .comment       0x0000000000000023       0x24 obj/default/src/pkt_32x32.o
 .comment       0x0000000000000023       0x24 obj/default/src/pkt_8x16.o
 .comment       0x0000000000000023       0x24 obj/default/src/pkt_8x32.o
 .comment       0x0000000000000023       0x24 obj/default/src/pkt_8x64.o
 .comment       0x0000000000000023       0x24 obj/default/src/pkt_8x8.o
 .comment       0x0000000000000023       0x24 obj/default/src/pkt_legacy.o
 .comment       0x0000000000000023       0x24 obj/default/src/pkt_retune.o
 .comment       0x0000000000000023       0x24 obj/default/band_select.o
 .comment       0x0000000000000023       0x24 obj/default/lms.o
 .comment       0x0000000000000023       0x24 c:/intelfpga_lite/17.1/nios2eds/bin/gnu/h-x86_64-mingw32/bin/../lib/gcc/nios2-elf/5.3.0/mno-hw-mul\libgcc.a(_lshrdi3.o)
 .comment       0x0000000000000023       0x24 c:/intelfpga_lite/17.1/nios2eds/bin/gnu/h-x86_64-mingw32/bin/../lib/gcc/nios2-elf/5.3.0/mno-hw-mul\libgcc.a(lib2-divmod.o)
 .comment       0x0000000000000023       0x24 c:/intelfpga_lite/17.1/nios2eds/bin/gnu/h-x86_64-mingw32/bin/../lib/gcc/nios2-elf/5.3.0/mno-hw-mul\libgcc.a(lib2-mul.o)
 .comment       0x0000000000000023       0x24 c:/intelfpga_lite/17.1/nios2eds/bin/gnu/h-x86_64-mingw32/bin/../lib/gcc/nios2-elf/5.3.0/../../../../../H-x86_64-mingw32/nios2-elf/lib/mno-hw-mul\libsmallc.a(lib_a-memcpy.o)
 .comment       0x0000000000000023       0x24 c:/intelfpga_lite/17.1/nios2eds/bin/gnu/h-x86_64-mingw32/bin/../lib/gcc/nios2-elf/5.3.0/../../../../../H-x86_64-mingw32/nios2-elf/lib/mno-hw-mul\libsmallc.a(lib_a-memset.o)
 .comment       0x0000000000000023       0x24 ../bladeRF_nios_bsp/\libhal_bsp.a(alt_iic.o)
 .comment       0x0000000000000023       0x24 ../bladeRF_nios_bsp/\libhal_bsp.a(alt_iic_isr_register.o)
 .comment       0x0000000000000023       0x24 ../bladeRF_nios_bsp/\libhal_bsp.a(alt_irq_handler.o)
 .comment       0x0000000000000023       0x24 ../bladeRF_nios_bsp/\libhal_bsp.a(alt_irq_vars.o)
 .comment       0x0000000000000023       0x24 ../bladeRF_nios_bsp/\libhal_bsp.a(alt_load.o)
 .comment       0x0000000000000023       0x24 ../bladeRF_nios_bsp/\libhal_bsp.a(alt_main.o)
 .comment       0x0000000000000023       0x24 ../bladeRF_nios_bsp/\libhal_bsp.a(alt_usleep.o)
 .comment       0x0000000000000023       0x24 ../bladeRF_nios_bsp/\libhal_bsp.a(alt_sys_init.o)
 .comment       0x0000000000000023       0x24 ../bladeRF_nios_bsp/\libhal_bsp.a(altera_avalon_spi.o)
 .comment       0x0000000000000023       0x24 ../bladeRF_nios_bsp/\libhal_bsp.a(alt_busy_sleep.o)
 .comment       0x0000000000000023       0x24 ../bladeRF_nios_bsp/\libhal_bsp.a(alt_dcache_flush_all.o)
 .comment       0x0000000000000023       0x24 ../bladeRF_nios_bsp/\libhal_bsp.a(alt_icache_flush_all.o)
 .comment       0x0000000000000023       0x24 ../bladeRF_nios_bsp/\libhal_bsp.a(altera_nios2_gen2_irq.o)

.debug
 *(.debug)

.line
 *(.line)

.debug_srcinfo
 *(.debug_srcinfo)

.debug_sfnames
 *(.debug_sfnames)

.debug_aranges  0x0000000000000000      0x428
 *(.debug_aranges)
 .debug_aranges
                0x0000000000000000       0x28 ../bladeRF_nios_bsp//obj/HAL/src/crt0.o
 .debug_aranges
                0x0000000000000028       0x20 obj/default/src/bladeRF_nios.o
 .debug_aranges
                0x0000000000000048       0x20 obj/default/src/devices.o
 .debug_aranges
                0x0000000000000068       0x20 obj/default/src/pkt_32x32.o
 .debug_aranges
                0x0000000000000088       0x20 obj/default/src/pkt_8x16.o
 .debug_aranges
                0x00000000000000a8       0x20 obj/default/src/pkt_8x32.o
 .debug_aranges
                0x00000000000000c8       0x20 obj/default/src/pkt_8x64.o
 .debug_aranges
                0x00000000000000e8       0x20 obj/default/src/pkt_8x8.o
 .debug_aranges
                0x0000000000000108       0x20 obj/default/src/pkt_legacy.o
 .debug_aranges
                0x0000000000000128       0x20 obj/default/src/pkt_retune.o
 .debug_aranges
                0x0000000000000148       0x20 obj/default/band_select.o
 .debug_aranges
                0x0000000000000168       0x20 obj/default/lms.o
 .debug_aranges
                0x0000000000000188       0x20 c:/intelfpga_lite/17.1/nios2eds/bin/gnu/h-x86_64-mingw32/bin/../lib/gcc/nios2-elf/5.3.0/mno-hw-mul\libgcc.a(_lshrdi3.o)
 .debug_aranges
                0x00000000000001a8       0x20 c:/intelfpga_lite/17.1/nios2eds/bin/gnu/h-x86_64-mingw32/bin/../lib/gcc/nios2-elf/5.3.0/mno-hw-mul\libgcc.a(lib2-divmod.o)
 .debug_aranges
                0x00000000000001c8       0x20 c:/intelfpga_lite/17.1/nios2eds/bin/gnu/h-x86_64-mingw32/bin/../lib/gcc/nios2-elf/5.3.0/mno-hw-mul\libgcc.a(lib2-mul.o)
 .debug_aranges
                0x00000000000001e8       0x20 c:/intelfpga_lite/17.1/nios2eds/bin/gnu/h-x86_64-mingw32/bin/../lib/gcc/nios2-elf/5.3.0/../../../../../H-x86_64-mingw32/nios2-elf/lib/mno-hw-mul\libsmallc.a(lib_a-memcpy.o)
 .debug_aranges
                0x0000000000000208       0x20 c:/intelfpga_lite/17.1/nios2eds/bin/gnu/h-x86_64-mingw32/bin/../lib/gcc/nios2-elf/5.3.0/../../../../../H-x86_64-mingw32/nios2-elf/lib/mno-hw-mul\libsmallc.a(lib_a-memset.o)
 .debug_aranges
                0x0000000000000228       0x20 ../bladeRF_nios_bsp/\libhal_bsp.a(alt_iic.o)
 .debug_aranges
                0x0000000000000248       0x20 ../bladeRF_nios_bsp/\libhal_bsp.a(alt_iic_isr_register.o)
 .debug_aranges
                0x0000000000000268       0x30 ../bladeRF_nios_bsp/\libhal_bsp.a(alt_irq_entry.o)
 .debug_aranges
                0x0000000000000298       0x20 ../bladeRF_nios_bsp/\libhal_bsp.a(alt_irq_handler.o)
 .debug_aranges
                0x00000000000002b8       0x18 ../bladeRF_nios_bsp/\libhal_bsp.a(alt_irq_vars.o)
 .debug_aranges
                0x00000000000002d0       0x20 ../bladeRF_nios_bsp/\libhal_bsp.a(alt_load.o)
 .debug_aranges
                0x00000000000002f0       0x20 ../bladeRF_nios_bsp/\libhal_bsp.a(alt_main.o)
 .debug_aranges
                0x0000000000000310       0x20 ../bladeRF_nios_bsp/\libhal_bsp.a(alt_usleep.o)
 .debug_aranges
                0x0000000000000330       0x20 ../bladeRF_nios_bsp/\libhal_bsp.a(alt_sys_init.o)
 .debug_aranges
                0x0000000000000350       0x20 ../bladeRF_nios_bsp/\libhal_bsp.a(altera_avalon_spi.o)
 .debug_aranges
                0x0000000000000370       0x20 ../bladeRF_nios_bsp/\libhal_bsp.a(alt_busy_sleep.o)
 .debug_aranges
                0x0000000000000390       0x20 ../bladeRF_nios_bsp/\libhal_bsp.a(alt_dcache_flush_all.o)
 .debug_aranges
                0x00000000000003b0       0x38 ../bladeRF_nios_bsp/\libhal_bsp.a(alt_exception_entry.o)
 .debug_aranges
                0x00000000000003e8       0x20 ../bladeRF_nios_bsp/\libhal_bsp.a(alt_icache_flush_all.o)
 .debug_aranges
                0x0000000000000408       0x20 ../bladeRF_nios_bsp/\libhal_bsp.a(altera_nios2_gen2_irq.o)

.debug_pubnames
 *(.debug_pubnames)

.debug_info     0x0000000000000000     0x7022
 *(.debug_info .gnu.linkonce.wi.*)
 .debug_info    0x0000000000000000       0x7e ../bladeRF_nios_bsp//obj/HAL/src/crt0.o
 .debug_info    0x000000000000007e      0x506 obj/default/src/bladeRF_nios.o
 .debug_info    0x0000000000000584      0xe64 obj/default/src/devices.o
 .debug_info    0x00000000000013e8      0x525 obj/default/src/pkt_32x32.o
 .debug_info    0x000000000000190d      0x5b0 obj/default/src/pkt_8x16.o
 .debug_info    0x0000000000001ebd      0x4cf obj/default/src/pkt_8x32.o
 .debug_info    0x000000000000238c      0x439 obj/default/src/pkt_8x64.o
 .debug_info    0x00000000000027c5      0x520 obj/default/src/pkt_8x8.o
 .debug_info    0x0000000000002ce5      0x85e obj/default/src/pkt_legacy.o
 .debug_info    0x0000000000003543      0xa25 obj/default/src/pkt_retune.o
 .debug_info    0x0000000000003f68      0x1d6 obj/default/band_select.o
 .debug_info    0x000000000000413e     0x156d obj/default/lms.o
 .debug_info    0x00000000000056ab      0x182 c:/intelfpga_lite/17.1/nios2eds/bin/gnu/h-x86_64-mingw32/bin/../lib/gcc/nios2-elf/5.3.0/mno-hw-mul\libgcc.a(_lshrdi3.o)
 .debug_info    0x000000000000582d      0x2c6 c:/intelfpga_lite/17.1/nios2eds/bin/gnu/h-x86_64-mingw32/bin/../lib/gcc/nios2-elf/5.3.0/mno-hw-mul\libgcc.a(lib2-divmod.o)
 .debug_info    0x0000000000005af3       0xb4 c:/intelfpga_lite/17.1/nios2eds/bin/gnu/h-x86_64-mingw32/bin/../lib/gcc/nios2-elf/5.3.0/mno-hw-mul\libgcc.a(lib2-mul.o)
 .debug_info    0x0000000000005ba7      0x119 c:/intelfpga_lite/17.1/nios2eds/bin/gnu/h-x86_64-mingw32/bin/../lib/gcc/nios2-elf/5.3.0/../../../../../H-x86_64-mingw32/nios2-elf/lib/mno-hw-mul\libsmallc.a(lib_a-memcpy.o)
 .debug_info    0x0000000000005cc0       0xdc c:/intelfpga_lite/17.1/nios2eds/bin/gnu/h-x86_64-mingw32/bin/../lib/gcc/nios2-elf/5.3.0/../../../../../H-x86_64-mingw32/nios2-elf/lib/mno-hw-mul\libsmallc.a(lib_a-memset.o)
 .debug_info    0x0000000000005d9c      0x38a ../bladeRF_nios_bsp/\libhal_bsp.a(alt_iic.o)
 .debug_info    0x0000000000006126      0x232 ../bladeRF_nios_bsp/\libhal_bsp.a(alt_iic_isr_register.o)
 .debug_info    0x0000000000006358       0x87 ../bladeRF_nios_bsp/\libhal_bsp.a(alt_irq_entry.o)
 .debug_info    0x00000000000063df      0x184 ../bladeRF_nios_bsp/\libhal_bsp.a(alt_irq_handler.o)
 .debug_info    0x0000000000006563       0x88 ../bladeRF_nios_bsp/\libhal_bsp.a(alt_irq_vars.o)
 .debug_info    0x00000000000065eb      0x1c9 ../bladeRF_nios_bsp/\libhal_bsp.a(alt_load.o)
 .debug_info    0x00000000000067b4      0x169 ../bladeRF_nios_bsp/\libhal_bsp.a(alt_main.o)
 .debug_info    0x000000000000691d       0xd1 ../bladeRF_nios_bsp/\libhal_bsp.a(alt_usleep.o)
 .debug_info    0x00000000000069ee      0x185 ../bladeRF_nios_bsp/\libhal_bsp.a(alt_sys_init.o)
 .debug_info    0x0000000000006b73      0x194 ../bladeRF_nios_bsp/\libhal_bsp.a(altera_avalon_spi.o)
 .debug_info    0x0000000000006d07       0xd8 ../bladeRF_nios_bsp/\libhal_bsp.a(alt_busy_sleep.o)
 .debug_info    0x0000000000006ddf       0x92 ../bladeRF_nios_bsp/\libhal_bsp.a(alt_dcache_flush_all.o)
 .debug_info    0x0000000000006e71       0x8d ../bladeRF_nios_bsp/\libhal_bsp.a(alt_exception_entry.o)
 .debug_info    0x0000000000006efe       0x92 ../bladeRF_nios_bsp/\libhal_bsp.a(alt_icache_flush_all.o)
 .debug_info    0x0000000000006f90       0x92 ../bladeRF_nios_bsp/\libhal_bsp.a(altera_nios2_gen2_irq.o)

.debug_abbrev   0x0000000000000000     0x2726
 *(.debug_abbrev)
 .debug_abbrev  0x0000000000000000       0x12 ../bladeRF_nios_bsp//obj/HAL/src/crt0.o
 .debug_abbrev  0x0000000000000012      0x1fb obj/default/src/bladeRF_nios.o
 .debug_abbrev  0x000000000000020d      0x461 obj/default/src/devices.o
 .debug_abbrev  0x000000000000066e      0x1a4 obj/default/src/pkt_32x32.o
 .debug_abbrev  0x0000000000000812      0x1fb obj/default/src/pkt_8x16.o
 .debug_abbrev  0x0000000000000a0d      0x1b9 obj/default/src/pkt_8x32.o
 .debug_abbrev  0x0000000000000bc6      0x1ba obj/default/src/pkt_8x64.o
 .debug_abbrev  0x0000000000000d80      0x1df obj/default/src/pkt_8x8.o
 .debug_abbrev  0x0000000000000f5f      0x2f3 obj/default/src/pkt_legacy.o
 .debug_abbrev  0x0000000000001252      0x34b obj/default/src/pkt_retune.o
 .debug_abbrev  0x000000000000159d      0x147 obj/default/band_select.o
 .debug_abbrev  0x00000000000016e4      0x286 obj/default/lms.o
 .debug_abbrev  0x000000000000196a      0x100 c:/intelfpga_lite/17.1/nios2eds/bin/gnu/h-x86_64-mingw32/bin/../lib/gcc/nios2-elf/5.3.0/mno-hw-mul\libgcc.a(_lshrdi3.o)
 .debug_abbrev  0x0000000000001a6a      0x10e c:/intelfpga_lite/17.1/nios2eds/bin/gnu/h-x86_64-mingw32/bin/../lib/gcc/nios2-elf/5.3.0/mno-hw-mul\libgcc.a(lib2-divmod.o)
 .debug_abbrev  0x0000000000001b78       0x6f c:/intelfpga_lite/17.1/nios2eds/bin/gnu/h-x86_64-mingw32/bin/../lib/gcc/nios2-elf/5.3.0/mno-hw-mul\libgcc.a(lib2-mul.o)
 .debug_abbrev  0x0000000000001be7       0x9c c:/intelfpga_lite/17.1/nios2eds/bin/gnu/h-x86_64-mingw32/bin/../lib/gcc/nios2-elf/5.3.0/../../../../../H-x86_64-mingw32/nios2-elf/lib/mno-hw-mul\libsmallc.a(lib_a-memcpy.o)
 .debug_abbrev  0x0000000000001c83       0x8e c:/intelfpga_lite/17.1/nios2eds/bin/gnu/h-x86_64-mingw32/bin/../lib/gcc/nios2-elf/5.3.0/../../../../../H-x86_64-mingw32/nios2-elf/lib/mno-hw-mul\libsmallc.a(lib_a-memset.o)
 .debug_abbrev  0x0000000000001d11      0x1a0 ../bladeRF_nios_bsp/\libhal_bsp.a(alt_iic.o)
 .debug_abbrev  0x0000000000001eb1      0x19c ../bladeRF_nios_bsp/\libhal_bsp.a(alt_iic_isr_register.o)
 .debug_abbrev  0x000000000000204d       0x12 ../bladeRF_nios_bsp/\libhal_bsp.a(alt_irq_entry.o)
 .debug_abbrev  0x000000000000205f      0x120 ../bladeRF_nios_bsp/\libhal_bsp.a(alt_irq_handler.o)
 .debug_abbrev  0x000000000000217f       0x40 ../bladeRF_nios_bsp/\libhal_bsp.a(alt_irq_vars.o)
 .debug_abbrev  0x00000000000021bf       0xd8 ../bladeRF_nios_bsp/\libhal_bsp.a(alt_load.o)
 .debug_abbrev  0x0000000000002297       0xee ../bladeRF_nios_bsp/\libhal_bsp.a(alt_main.o)
 .debug_abbrev  0x0000000000002385       0x8d ../bladeRF_nios_bsp/\libhal_bsp.a(alt_usleep.o)
 .debug_abbrev  0x0000000000002412      0x107 ../bladeRF_nios_bsp/\libhal_bsp.a(alt_sys_init.o)
 .debug_abbrev  0x0000000000002519       0xa8 ../bladeRF_nios_bsp/\libhal_bsp.a(altera_avalon_spi.o)
 .debug_abbrev  0x00000000000025c1       0x8d ../bladeRF_nios_bsp/\libhal_bsp.a(alt_busy_sleep.o)
 .debug_abbrev  0x000000000000264e       0x42 ../bladeRF_nios_bsp/\libhal_bsp.a(alt_dcache_flush_all.o)
 .debug_abbrev  0x0000000000002690       0x12 ../bladeRF_nios_bsp/\libhal_bsp.a(alt_exception_entry.o)
 .debug_abbrev  0x00000000000026a2       0x42 ../bladeRF_nios_bsp/\libhal_bsp.a(alt_icache_flush_all.o)
 .debug_abbrev  0x00000000000026e4       0x42 ../bladeRF_nios_bsp/\libhal_bsp.a(altera_nios2_gen2_irq.o)

.debug_line     0x0000000000000000     0x2b06
 *(.debug_line)
 .debug_line    0x0000000000000000       0x66 ../bladeRF_nios_bsp//obj/HAL/src/crt0.o
 .debug_line    0x0000000000000066      0x1e7 obj/default/src/bladeRF_nios.o
 .debug_line    0x000000000000024d      0x3d5 obj/default/src/devices.o
 .debug_line    0x0000000000000622        0x0 obj/default/src/devices_sim.o
 .debug_line    0x0000000000000622      0x1eb obj/default/src/pkt_32x32.o
 .debug_line    0x000000000000080d      0x20f obj/default/src/pkt_8x16.o
 .debug_line    0x0000000000000a1c      0x213 obj/default/src/pkt_8x32.o
 .debug_line    0x0000000000000c2f      0x1ee obj/default/src/pkt_8x64.o
 .debug_line    0x0000000000000e1d      0x1f8 obj/default/src/pkt_8x8.o
 .debug_line    0x0000000000001015      0x2a3 obj/default/src/pkt_legacy.o
 .debug_line    0x00000000000012b8      0x381 obj/default/src/pkt_retune.o
 .debug_line    0x0000000000001639      0x211 obj/default/band_select.o
 .debug_line    0x000000000000184a      0x499 obj/default/lms.o
 .debug_line    0x0000000000001ce3       0x7a c:/intelfpga_lite/17.1/nios2eds/bin/gnu/h-x86_64-mingw32/bin/../lib/gcc/nios2-elf/5.3.0/mno-hw-mul\libgcc.a(_lshrdi3.o)
 .debug_line    0x0000000000001d5d      0x105 c:/intelfpga_lite/17.1/nios2eds/bin/gnu/h-x86_64-mingw32/bin/../lib/gcc/nios2-elf/5.3.0/mno-hw-mul\libgcc.a(lib2-divmod.o)
 .debug_line    0x0000000000001e62       0x80 c:/intelfpga_lite/17.1/nios2eds/bin/gnu/h-x86_64-mingw32/bin/../lib/gcc/nios2-elf/5.3.0/mno-hw-mul\libgcc.a(lib2-mul.o)
 .debug_line    0x0000000000001ee2      0x15e c:/intelfpga_lite/17.1/nios2eds/bin/gnu/h-x86_64-mingw32/bin/../lib/gcc/nios2-elf/5.3.0/../../../../../H-x86_64-mingw32/nios2-elf/lib/mno-hw-mul\libsmallc.a(lib_a-memcpy.o)
 .debug_line    0x0000000000002040      0x15d c:/intelfpga_lite/17.1/nios2eds/bin/gnu/h-x86_64-mingw32/bin/../lib/gcc/nios2-elf/5.3.0/../../../../../H-x86_64-mingw32/nios2-elf/lib/mno-hw-mul\libsmallc.a(lib_a-memset.o)
 .debug_line    0x000000000000219d       0xf1 ../bladeRF_nios_bsp/\libhal_bsp.a(alt_iic.o)
 .debug_line    0x000000000000228e       0xd6 ../bladeRF_nios_bsp/\libhal_bsp.a(alt_iic_isr_register.o)
 .debug_line    0x0000000000002364       0x6b ../bladeRF_nios_bsp/\libhal_bsp.a(alt_irq_entry.o)
 .debug_line    0x00000000000023cf       0xa5 ../bladeRF_nios_bsp/\libhal_bsp.a(alt_irq_handler.o)
 .debug_line    0x0000000000002474       0x50 ../bladeRF_nios_bsp/\libhal_bsp.a(alt_irq_vars.o)
 .debug_line    0x00000000000024c4       0xa4 ../bladeRF_nios_bsp/\libhal_bsp.a(alt_load.o)
 .debug_line    0x0000000000002568       0xbd ../bladeRF_nios_bsp/\libhal_bsp.a(alt_main.o)
 .debug_line    0x0000000000002625       0xcf ../bladeRF_nios_bsp/\libhal_bsp.a(alt_usleep.o)
 .debug_line    0x00000000000026f4      0x101 ../bladeRF_nios_bsp/\libhal_bsp.a(alt_sys_init.o)
 .debug_line    0x00000000000027f5       0xc5 ../bladeRF_nios_bsp/\libhal_bsp.a(altera_avalon_spi.o)
 .debug_line    0x00000000000028ba       0xb3 ../bladeRF_nios_bsp/\libhal_bsp.a(alt_busy_sleep.o)
 .debug_line    0x000000000000296d       0x4e ../bladeRF_nios_bsp/\libhal_bsp.a(alt_dcache_flush_all.o)
 .debug_line    0x00000000000029bb       0xad ../bladeRF_nios_bsp/\libhal_bsp.a(alt_exception_entry.o)
 .debug_line    0x0000000000002a68       0x4e ../bladeRF_nios_bsp/\libhal_bsp.a(alt_icache_flush_all.o)
 .debug_line    0x0000000000002ab6       0x50 ../bladeRF_nios_bsp/\libhal_bsp.a(altera_nios2_gen2_irq.o)

.debug_frame    0x0000000000000000      0xaec
 *(.debug_frame)
 .debug_frame   0x0000000000000000       0x38 obj/default/src/bladeRF_nios.o
 .debug_frame   0x0000000000000038      0x304 obj/default/src/devices.o
 .debug_frame   0x000000000000033c       0x20 obj/default/src/pkt_32x32.o
 .debug_frame   0x000000000000035c       0x48 obj/default/src/pkt_8x16.o
 .debug_frame   0x00000000000003a4       0x44 obj/default/src/pkt_8x32.o
 .debug_frame   0x00000000000003e8       0x44 obj/default/src/pkt_8x64.o
 .debug_frame   0x000000000000042c       0x44 obj/default/src/pkt_8x8.o
 .debug_frame   0x0000000000000470       0x64 obj/default/src/pkt_legacy.o
 .debug_frame   0x00000000000004d4      0x14c obj/default/src/pkt_retune.o
 .debug_frame   0x0000000000000620       0x34 obj/default/band_select.o
 .debug_frame   0x0000000000000654      0x1ac obj/default/lms.o
 .debug_frame   0x0000000000000800       0x20 c:/intelfpga_lite/17.1/nios2eds/bin/gnu/h-x86_64-mingw32/bin/../lib/gcc/nios2-elf/5.3.0/mno-hw-mul\libgcc.a(_lshrdi3.o)
 .debug_frame   0x0000000000000820       0x50 c:/intelfpga_lite/17.1/nios2eds/bin/gnu/h-x86_64-mingw32/bin/../lib/gcc/nios2-elf/5.3.0/mno-hw-mul\libgcc.a(lib2-divmod.o)
 .debug_frame   0x0000000000000870       0x20 c:/intelfpga_lite/17.1/nios2eds/bin/gnu/h-x86_64-mingw32/bin/../lib/gcc/nios2-elf/5.3.0/mno-hw-mul\libgcc.a(lib2-mul.o)
 .debug_frame   0x0000000000000890       0x20 c:/intelfpga_lite/17.1/nios2eds/bin/gnu/h-x86_64-mingw32/bin/../lib/gcc/nios2-elf/5.3.0/../../../../../H-x86_64-mingw32/nios2-elf/lib/mno-hw-mul\libsmallc.a(lib_a-memcpy.o)
 .debug_frame   0x00000000000008b0       0x20 c:/intelfpga_lite/17.1/nios2eds/bin/gnu/h-x86_64-mingw32/bin/../lib/gcc/nios2-elf/5.3.0/../../../../../H-x86_64-mingw32/nios2-elf/lib/mno-hw-mul\libsmallc.a(lib_a-memset.o)
 .debug_frame   0x00000000000008d0       0x50 ../bladeRF_nios_bsp/\libhal_bsp.a(alt_iic.o)
 .debug_frame   0x0000000000000920       0x30 ../bladeRF_nios_bsp/\libhal_bsp.a(alt_iic_isr_register.o)
 .debug_frame   0x0000000000000950       0x34 ../bladeRF_nios_bsp/\libhal_bsp.a(alt_irq_handler.o)
 .debug_frame   0x0000000000000984       0x30 ../bladeRF_nios_bsp/\libhal_bsp.a(alt_load.o)
 .debug_frame   0x00000000000009b4       0x2c ../bladeRF_nios_bsp/\libhal_bsp.a(alt_main.o)
 .debug_frame   0x00000000000009e0       0x20 ../bladeRF_nios_bsp/\libhal_bsp.a(alt_usleep.o)
 .debug_frame   0x0000000000000a00       0x3c ../bladeRF_nios_bsp/\libhal_bsp.a(alt_sys_init.o)
 .debug_frame   0x0000000000000a3c       0x20 ../bladeRF_nios_bsp/\libhal_bsp.a(altera_avalon_spi.o)
 .debug_frame   0x0000000000000a5c       0x30 ../bladeRF_nios_bsp/\libhal_bsp.a(alt_busy_sleep.o)
 .debug_frame   0x0000000000000a8c       0x20 ../bladeRF_nios_bsp/\libhal_bsp.a(alt_dcache_flush_all.o)
 .debug_frame   0x0000000000000aac       0x20 ../bladeRF_nios_bsp/\libhal_bsp.a(alt_icache_flush_all.o)
 .debug_frame   0x0000000000000acc       0x20 ../bladeRF_nios_bsp/\libhal_bsp.a(altera_nios2_gen2_irq.o)

.debug_str      0x0000000000000000     0x1a78
 *(.debug_str)
 .debug_str     0x0000000000000000      0x349 obj/default/src/bladeRF_nios.o
                                        0x3c9 (size before relaxing)
 .debug_str     0x0000000000000349      0x3bb obj/default/src/devices.o
                                        0x687 (size before relaxing)
 .debug_str     0x0000000000000704       0x12 obj/default/src/devices_sim.o
                                         0xa1 (size before relaxing)
 .debug_str     0x0000000000000716       0xf3 obj/default/src/pkt_32x32.o
                                        0x27c (size before relaxing)
 .debug_str     0x0000000000000809       0x73 obj/default/src/pkt_8x16.o
                                        0x2d8 (size before relaxing)
 .debug_str     0x000000000000087c       0x8e obj/default/src/pkt_8x32.o
                                        0x27b (size before relaxing)
 .debug_str     0x000000000000090a       0x67 obj/default/src/pkt_8x64.o
                                        0x261 (size before relaxing)
 .debug_str     0x0000000000000971       0x53 obj/default/src/pkt_8x8.o
                                        0x330 (size before relaxing)
 .debug_str     0x00000000000009c4      0x210 obj/default/src/pkt_legacy.o
                                        0x54e (size before relaxing)
 .debug_str     0x0000000000000bd4      0x21d obj/default/src/pkt_retune.o
                                        0x473 (size before relaxing)
 .debug_str     0x0000000000000df1       0x50 obj/default/band_select.o
                                        0x239 (size before relaxing)
 .debug_str     0x0000000000000e41      0x305 obj/default/lms.o
                                        0x59a (size before relaxing)
 .debug_str     0x0000000000001146      0x189 c:/intelfpga_lite/17.1/nios2eds/bin/gnu/h-x86_64-mingw32/bin/../lib/gcc/nios2-elf/5.3.0/mno-hw-mul\libgcc.a(_lshrdi3.o)
                                        0x217 (size before relaxing)
 .debug_str     0x00000000000012cf       0x7f c:/intelfpga_lite/17.1/nios2eds/bin/gnu/h-x86_64-mingw32/bin/../lib/gcc/nios2-elf/5.3.0/mno-hw-mul\libgcc.a(lib2-divmod.o)
                                        0x1d2 (size before relaxing)
 .debug_str     0x000000000000134e       0x40 c:/intelfpga_lite/17.1/nios2eds/bin/gnu/h-x86_64-mingw32/bin/../lib/gcc/nios2-elf/5.3.0/mno-hw-mul\libgcc.a(lib2-mul.o)
                                        0x193 (size before relaxing)
 .debug_str     0x000000000000138e      0x14e c:/intelfpga_lite/17.1/nios2eds/bin/gnu/h-x86_64-mingw32/bin/../lib/gcc/nios2-elf/5.3.0/../../../../../H-x86_64-mingw32/nios2-elf/lib/mno-hw-mul\libsmallc.a(lib_a-memcpy.o)
                                        0x1f3 (size before relaxing)
 .debug_str     0x00000000000014dc       0x3d c:/intelfpga_lite/17.1/nios2eds/bin/gnu/h-x86_64-mingw32/bin/../lib/gcc/nios2-elf/5.3.0/../../../../../H-x86_64-mingw32/nios2-elf/lib/mno-hw-mul\libsmallc.a(lib_a-memset.o)
                                        0x1df (size before relaxing)
 .debug_str     0x0000000000001519      0x135 ../bladeRF_nios_bsp/\libhal_bsp.a(alt_iic.o)
                                        0x263 (size before relaxing)
 .debug_str     0x000000000000164e       0x37 ../bladeRF_nios_bsp/\libhal_bsp.a(alt_iic_isr_register.o)
                                        0x21d (size before relaxing)
 .debug_str     0x0000000000001685       0x3a ../bladeRF_nios_bsp/\libhal_bsp.a(alt_irq_handler.o)
                                        0x1a7 (size before relaxing)
 .debug_str     0x00000000000016bf       0x17 ../bladeRF_nios_bsp/\libhal_bsp.a(alt_irq_vars.o)
                                        0x14a (size before relaxing)
 .debug_str     0x00000000000016d6      0x113 ../bladeRF_nios_bsp/\libhal_bsp.a(alt_load.o)
                                        0x24c (size before relaxing)
 .debug_str     0x00000000000017e9       0x8f ../bladeRF_nios_bsp/\libhal_bsp.a(alt_main.o)
                                        0x1c5 (size before relaxing)
 .debug_str     0x0000000000001878       0x2f ../bladeRF_nios_bsp/\libhal_bsp.a(alt_usleep.o)
                                        0x167 (size before relaxing)
 .debug_str     0x00000000000018a7       0xab ../bladeRF_nios_bsp/\libhal_bsp.a(alt_sys_init.o)
                                        0x234 (size before relaxing)
 .debug_str     0x0000000000001952       0x95 ../bladeRF_nios_bsp/\libhal_bsp.a(altera_avalon_spi.o)
                                        0x1f0 (size before relaxing)
 .debug_str     0x00000000000019e7       0x33 ../bladeRF_nios_bsp/\libhal_bsp.a(alt_busy_sleep.o)
                                        0x17b (size before relaxing)
 .debug_str     0x0000000000001a1a       0x1f ../bladeRF_nios_bsp/\libhal_bsp.a(alt_dcache_flush_all.o)
                                        0x165 (size before relaxing)
 .debug_str     0x0000000000001a39       0x1f ../bladeRF_nios_bsp/\libhal_bsp.a(alt_icache_flush_all.o)
                                        0x165 (size before relaxing)
 .debug_str     0x0000000000001a58       0x20 ../bladeRF_nios_bsp/\libhal_bsp.a(altera_nios2_gen2_irq.o)
                                        0x16c (size before relaxing)

.debug_loc      0x0000000000000000     0x4be8
 *(.debug_loc)
 .debug_loc     0x0000000000000000      0x352 obj/default/src/bladeRF_nios.o
 .debug_loc     0x0000000000000352      0x7c6 obj/default/src/devices.o
 .debug_loc     0x0000000000000b18      0x3e2 obj/default/src/pkt_32x32.o
 .debug_loc     0x0000000000000efa      0x5e8 obj/default/src/pkt_8x16.o
 .debug_loc     0x00000000000014e2      0x374 obj/default/src/pkt_8x32.o
 .debug_loc     0x0000000000001856      0x26e obj/default/src/pkt_8x64.o
 .debug_loc     0x0000000000001ac4      0x588 obj/default/src/pkt_8x8.o
 .debug_loc     0x000000000000204c      0x800 obj/default/src/pkt_legacy.o
 .debug_loc     0x000000000000284c      0x67b obj/default/src/pkt_retune.o
 .debug_loc     0x0000000000002ec7      0x111 obj/default/band_select.o
 .debug_loc     0x0000000000002fd8      0xe8a obj/default/lms.o
 .debug_loc     0x0000000000003e62       0x97 c:/intelfpga_lite/17.1/nios2eds/bin/gnu/h-x86_64-mingw32/bin/../lib/gcc/nios2-elf/5.3.0/mno-hw-mul\libgcc.a(_lshrdi3.o)
 .debug_loc     0x0000000000003ef9      0x4ce c:/intelfpga_lite/17.1/nios2eds/bin/gnu/h-x86_64-mingw32/bin/../lib/gcc/nios2-elf/5.3.0/mno-hw-mul\libgcc.a(lib2-divmod.o)
 .debug_loc     0x00000000000043c7       0x93 c:/intelfpga_lite/17.1/nios2eds/bin/gnu/h-x86_64-mingw32/bin/../lib/gcc/nios2-elf/5.3.0/mno-hw-mul\libgcc.a(lib2-mul.o)
 .debug_loc     0x000000000000445a      0x135 c:/intelfpga_lite/17.1/nios2eds/bin/gnu/h-x86_64-mingw32/bin/../lib/gcc/nios2-elf/5.3.0/../../../../../H-x86_64-mingw32/nios2-elf/lib/mno-hw-mul\libsmallc.a(lib_a-memcpy.o)
 .debug_loc     0x000000000000458f       0xa5 c:/intelfpga_lite/17.1/nios2eds/bin/gnu/h-x86_64-mingw32/bin/../lib/gcc/nios2-elf/5.3.0/../../../../../H-x86_64-mingw32/nios2-elf/lib/mno-hw-mul\libsmallc.a(lib_a-memset.o)
 .debug_loc     0x0000000000004634      0x170 ../bladeRF_nios_bsp/\libhal_bsp.a(alt_iic.o)
 .debug_loc     0x00000000000047a4      0x193 ../bladeRF_nios_bsp/\libhal_bsp.a(alt_iic_isr_register.o)
 .debug_loc     0x0000000000004937       0x72 ../bladeRF_nios_bsp/\libhal_bsp.a(alt_irq_handler.o)
 .debug_loc     0x00000000000049a9       0x21 ../bladeRF_nios_bsp/\libhal_bsp.a(alt_usleep.o)
 .debug_loc     0x00000000000049ca       0x21 ../bladeRF_nios_bsp/\libhal_bsp.a(alt_sys_init.o)
 .debug_loc     0x00000000000049eb      0x188 ../bladeRF_nios_bsp/\libhal_bsp.a(altera_avalon_spi.o)
 .debug_loc     0x0000000000004b73       0x75 ../bladeRF_nios_bsp/\libhal_bsp.a(alt_busy_sleep.o)

.debug_macinfo
 *(.debug_macinfo)

.debug_weaknames
 *(.debug_weaknames)

.debug_funcnames
 *(.debug_funcnames)

.debug_typenames
 *(.debug_typenames)

.debug_varnames
 *(.debug_varnames)

.debug_alt_sim_info
                0x0000000000000000       0x40
 *(.debug_alt_sim_info)
 .debug_alt_sim_info
                0x0000000000000000       0x10 ../bladeRF_nios_bsp//obj/HAL/src/crt0.o
 .debug_alt_sim_info
                0x0000000000000010       0x30 ../bladeRF_nios_bsp/\libhal_bsp.a(alt_busy_sleep.o)
                0x0000000000008000                __alt_data_end = 0x8000
                0x0000000000008000                PROVIDE (__alt_stack_pointer, __alt_data_end)
                [!provide]                        PROVIDE (__alt_stack_limit, __alt_stack_base)
                [!provide]                        PROVIDE (__alt_heap_start, end)
                [!provide]                        PROVIDE (__alt_heap_limit, 0x8000)
OUTPUT(bladeRF_nios.elf elf32-littlenios2)

.debug_ranges   0x0000000000000000      0x578
 .debug_ranges  0x0000000000000000       0x20 ../bladeRF_nios_bsp//obj/HAL/src/crt0.o
 .debug_ranges  0x0000000000000020       0x38 obj/default/src/bladeRF_nios.o
 .debug_ranges  0x0000000000000058       0x50 obj/default/src/pkt_8x16.o
 .debug_ranges  0x00000000000000a8       0x78 obj/default/src/pkt_8x32.o
 .debug_ranges  0x0000000000000120       0x18 obj/default/src/pkt_8x64.o
 .debug_ranges  0x0000000000000138       0x20 obj/default/src/pkt_8x8.o
 .debug_ranges  0x0000000000000158       0xa0 obj/default/src/pkt_legacy.o
 .debug_ranges  0x00000000000001f8       0xa8 obj/default/src/pkt_retune.o
 .debug_ranges  0x00000000000002a0      0x1a8 obj/default/lms.o
 .debug_ranges  0x0000000000000448       0x60 c:/intelfpga_lite/17.1/nios2eds/bin/gnu/h-x86_64-mingw32/bin/../lib/gcc/nios2-elf/5.3.0/mno-hw-mul\libgcc.a(lib2-divmod.o)
 .debug_ranges  0x00000000000004a8       0x10 c:/intelfpga_lite/17.1/nios2eds/bin/gnu/h-x86_64-mingw32/bin/../lib/gcc/nios2-elf/5.3.0/../../../../../H-x86_64-mingw32/nios2-elf/lib/mno-hw-mul\libsmallc.a(lib_a-memcpy.o)
 .debug_ranges  0x00000000000004b8       0x10 c:/intelfpga_lite/17.1/nios2eds/bin/gnu/h-x86_64-mingw32/bin/../lib/gcc/nios2-elf/5.3.0/../../../../../H-x86_64-mingw32/nios2-elf/lib/mno-hw-mul\libsmallc.a(lib_a-memset.o)
 .debug_ranges  0x00000000000004c8       0x28 ../bladeRF_nios_bsp/\libhal_bsp.a(alt_irq_entry.o)
 .debug_ranges  0x00000000000004f0       0x10 ../bladeRF_nios_bsp/\libhal_bsp.a(alt_irq_handler.o)
 .debug_ranges  0x0000000000000500       0x48 ../bladeRF_nios_bsp/\libhal_bsp.a(alt_load.o)
 .debug_ranges  0x0000000000000548       0x30 ../bladeRF_nios_bsp/\libhal_bsp.a(alt_exception_entry.o)
